node : FAIL 
tests/auth.test.js
At line:1 char:1
+ node node_modules/jes
t/bin/jest.js 
tests/auth.test.js 
--runInBand > t ...
+ ~~~~~~~~~~~~~~~~~~~~~
~~~~~~~~~~~~~~~~~~~~~~~
~~~~~~~~~~~~~~~~~~~~~~~
~~
    + CategoryInfo     
         : NotSpecifi  
  ed: (FAIL tests/au   
 th.test.js:String)    
 [], RemoteExcepti    
on
    + FullyQualifiedEr 
   rorId : NativeComm  
  andError
 
  ΓùÅ Test suite 
failed to run

    Jest encountered 
an unexpected token

    Jest failed to 
parse a file. This 
happens e.g. when your 
code or its 
dependencies use 
non-standard 
JavaScript syntax, or 
when Jest is not 
configured to support 
such syntax.

    Out of the box 
Jest supports Babel, 
which will be used to 
transform your files 
into valid JS based on 
your Babel 
configuration.

    By default 
"node_modules" folder 
is ignored by 
transformers.

    Here's what you 
can do:
     ΓÇó If you are 
trying to use 
ECMAScript Modules, 
see https://jestjs.io/d
ocs/ecmascript-modules 
for how to enable it.
     ΓÇó If you are 
trying to use 
TypeScript, see https:/
/jestjs.io/docs/getting
-started#using-typescri
pt
     ΓÇó To have some 
of your "node_modules" 
files transformed, you 
can specify a custom "t
ransformIgnorePatterns"
 in your config.
     ΓÇó If you need a 
custom transformation, 
specify a "transform" 
option in your config.
     ΓÇó If you simply 
want to mock your 
non-JS modules (e.g. 
binary assets) you can 
stub them out with the 
"moduleNameMapper" 
config option.

    You'll find more 
details and examples 
of these config 
options in the docs:
    https://jestjs.io/d
ocs/configuration
    For information 
about custom 
transformations, see:
    https://jestjs.io/d
ocs/code-transformation

    Details:

    D:\farm-backend\tes
ts\setup.js:1
    import mongoose 
from "mongoose";
    ^^^^^^

    SyntaxError: 
Cannot use import 
statement outside a 
module

      at Runtime.create
ScriptFromCode (node_mo
dules/jest-runtime/buil
d/index.js:1314:40)

Test Suites: 1 failed, 
1 total
Tests:       0 total
Snapshots:   0 total
Time:        0.206 s
Ran all test suites 
matching 
tests/auth.test.js.
