
> farm-backend@1.0.0 test
> node --experimental-vm-modules node_modules/jest/bin/jest.js --runInBand --forceExit

(node:4560) ExperimentalWarning: VM Modules is an experimental feature and might change at any time
(Use `node --trace-warnings ...` to show where the warning was created)
FAIL tests/auth.test.js
  GET /api/health
    × should return 200 with status ok (98 ms)
  Authentication API
    POST /api/auth/register
      × should successfully register a new user and return httpOnly cookie (74 ms)
      × should reject registration with an existing email (25 ms)
    POST /api/auth/login
      × should login successfully and return httpOnly cookie (16 ms)
      × should reject invalid credentials with 401 (14 ms)

  ● GET /api/health › should return 200 with status ok

    expect(received).toBe(expected) // Object.is equality

    Expected: 200
    Received: 500

    [0m [90m  7 |[39m     [36mconst[39m res [33m=[39m [36mawait[39m request(app)[33m.[39m[36mget[39m([32m"/api/health"[39m)[33m;[39m
     [90m  8 |[39m
    [31m[1m>[22m[39m[90m  9 |[39m     expect(res[33m.[39mstatusCode)[33m.[39mtoBe([35m200[39m)[33m;[39m
     [90m    |[39m                            [31m[1m^[22m[39m
     [90m 10 |[39m     expect(res[33m.[39mbody[33m.[39msuccess)[33m.[39mtoBe([36mtrue[39m)[33m;[39m
     [90m 11 |[39m     expect(res[33m.[39mbody[33m.[39mdata[33m.[39mstatus)[33m.[39mtoBe([32m"ok"[39m)[33m;[39m
     [90m 12 |[39m   })[33m;[39m[0m

      at Object.<anonymous> (tests/auth.test.js:9:28)

  ● Authentication API › POST /api/auth/register › should successfully register a new user and return httpOnly cookie

    expect(received).toBe(expected) // Object.is equality

    Expected: 201
    Received: 500

    [0m [90m 26 |[39m       [36mconst[39m res [33m=[39m [36mawait[39m request(app)[33m.[39mpost([32m"/api/auth/register"[39m)[33m.[39msend(testUser)[33m;[39m
     [90m 27 |[39m
    [31m[1m>[22m[39m[90m 28 |[39m       expect(res[33m.[39mstatusCode)[33m.[39mtoBe([35m201[39m)[33m;[39m
     [90m    |[39m                              [31m[1m^[22m[39m
     [90m 29 |[39m       expect(res[33m.[39mbody[33m.[39msuccess)[33m.[39mtoBe([36mtrue[39m)[33m;[39m
     [90m 30 |[39m       expect(res[33m.[39mbody[33m.[39mdata[33m.[39muser[33m.[39memail)[33m.[39mtoBe(testUser[33m.[39memail)[33m;[39m
     [90m 31 |[39m       expect(res[33m.[39mbody[33m.[39mdata[33m.[39muser[33m.[39mpassword)[33m.[39mtoBeUndefined()[33m;[39m[0m

      at Object.<anonymous> (tests/auth.test.js:28:30)

  ● Authentication API › POST /api/auth/register › should reject registration with an existing email

    expect(received).toBe(expected) // Object.is equality

    Expected: 400
    Received: 500

    [0m [90m 42 |[39m       [36mconst[39m res [33m=[39m [36mawait[39m request(app)[33m.[39mpost([32m"/api/auth/register"[39m)[33m.[39msend(testUser)[33m;[39m
     [90m 43 |[39m
    [31m[1m>[22m[39m[90m 44 |[39m       expect(res[33m.[39mstatusCode)[33m.[39mtoBe([35m400[39m)[33m;[39m
     [90m    |[39m                              [31m[1m^[22m[39m
     [90m 45 |[39m       expect(res[33m.[39mbody[33m.[39msuccess)[33m.[39mtoBe([36mfalse[39m)[33m;[39m
     [90m 46 |[39m       expect(res[33m.[39mbody[33m.[39mmessage)[33m.[39mtoMatch([35m/already exists/i[39m)[33m;[39m
     [90m 47 |[39m     })[33m;[39m[0m

      at Object.<anonymous> (tests/auth.test.js:44:30)

  ● Authentication API › POST /api/auth/login › should login successfully and return httpOnly cookie

    expect(received).toBe(expected) // Object.is equality

    Expected: 200
    Received: 500

    [0m [90m 60 |[39m       })[33m;[39m
     [90m 61 |[39m
    [31m[1m>[22m[39m[90m 62 |[39m       expect(res[33m.[39mstatusCode)[33m.[39mtoBe([35m200[39m)[33m;[39m
     [90m    |[39m                              [31m[1m^[22m[39m
     [90m 63 |[39m       expect(res[33m.[39mbody[33m.[39msuccess)[33m.[39mtoBe([36mtrue[39m)[33m;[39m
     [90m 64 |[39m
     [90m 65 |[39m       [36mconst[39m cookies [33m=[39m res[33m.[39mheaders[[32m"set-cookie"[39m][33m;[39m[0m

      at Object.<anonymous> (tests/auth.test.js:62:30)

  ● Authentication API › POST /api/auth/login › should reject invalid credentials with 401

    expect(received).toBe(expected) // Object.is equality

    Expected: 401
    Received: 500

    [0m [90m 75 |[39m
     [90m 76 |[39m       [90m// authController throws AppError("Invalid credentials", 401)[39m
    [31m[1m>[22m[39m[90m 77 |[39m       expect(res[33m.[39mstatusCode)[33m.[39mtoBe([35m401[39m)[33m;[39m
     [90m    |[39m                              [31m[1m^[22m[39m
     [90m 78 |[39m       expect(res[33m.[39mbody[33m.[39msuccess)[33m.[39mtoBe([36mfalse[39m)[33m;[39m
     [90m 79 |[39m     })[33m;[39m
     [90m 80 |[39m   })[33m;[39m[0m

      at Object.<anonymous> (tests/auth.test.js:77:30)

Test Suites: 1 failed, 1 total
Tests:       5 failed, 5 total
Snapshots:   0 total
Time:        2.421 s, estimated 3 s
Ran all test suites.
Force exiting Jest: Have you considered using `--detectOpenHandles` to detect async operations that kept running after all tests finished?
